<?xml version="1.0" encoding="UTF-8"?>
<testsuites name="jest tests" tests="1" failures="0" errors="0" time="14.569">
  <testsuite name="Component load" errors="0" failures="0" skipped="0" timestamp="2021-10-16T08:23:33" time="11.108" tests="1">
    <testcase classname="Component load should load the greetings component correctly" name="Component load should load the greetings component correctly" time="0.062">
    </testcase>
  </testsuite>
</testsuites>